
Allocating common symbols
Common symbol       size              file

main_G_bss_1        0x4               debug/main.o
dio_G_bss_1         0x4               debug/DIO.o
main_G_bss_3        0x4               debug/main.o
rcc_G_bss_2         0x4               debug/RCC.o
dio_G_bss_3         0x4               debug/DIO.o
rcc_G_bss_3         0x4               debug/RCC.o
dio_G_bss_2         0x4               debug/DIO.o
rcc_G_bss_1         0x4               debug/RCC.o
main_G_bss_2        0x4               debug/main.o

Memory Configuration

Name             Origin             Length             Attributes
FLASH            0x08000000         0x00010000         xr
SRAM             0x20000000         0x00005000         xrw
*default*        0x00000000         0xffffffff

Linker script and memory map

LOAD debug/RCC.o
LOAD debug/DIO.o
LOAD debug/main.o
LOAD debug/STM32F103c8Startup.o

.isr_vector     0x08000000      0x130
 *(.isr_vector)
 .isr_vector    0x08000000      0x130 debug/STM32F103c8Startup.o
                0x08000000                isr_vector

.text           0x08000130      0xb08
                0x08000130                . = ALIGN (0x4)
                0x08000130                _stext = .
 *(.text)
 .text          0x08000130      0x1bc debug/RCC.o
                0x08000130                RCC_initSysClk
                0x080001b8                RCC_enableClk
                0x0800024c                RCC_disableClk
 .text          0x080002ec      0x794 debug/DIO.o
                0x080002ec                DIO_setPinDirection
                0x080006b0                DIO_setPinValue
                0x080007e4                DIO_getPinValue
                0x08000874                DIO_setMultiPinsDirection
                0x080008c4                DIO_setMultiPinValue
                0x080009d4                DIO_getMultiPinValue
 .text          0x08000a80      0x100 debug/main.o
                0x08000a80                main
 .text          0x08000b80       0xb8 debug/STM32F103c8Startup.o
                0x08000b80                RTC_Alarm_IRQHandler
                0x08000b80                EXTI2_IRQHandler
                0x08000b80                TIM8_CC_IRQHandler
                0x08000b80                DebugMon_Handler
                0x08000b80                TIM1_CC_IRQHandler
                0x08000b80                HardFault_Handler
                0x08000b80                DMA1_Stream5_IRQHandler
                0x08000b80                SysTick_Handler
                0x08000b80                PVD_IRQHandler
                0x08000b80                SDIO_IRQHandler
                0x08000b80                TAMP_STAMP_IRQHandler
                0x08000b80                PendSV_Handler
                0x08000b80                NMI_Handler
                0x08000b80                EXTI3_IRQHandler
                0x08000b80                TIM1_UP_TIM10_IRQHandler
                0x08000b80                TIM8_UP_TIM13_IRQHandler
                0x08000b80                USB_HP_CAN_TX_IRQHandler
                0x08000b80                EXTI0_IRQHandler
                0x08000b80                I2C2_EV_IRQHandler
                0x08000b80                DMA1_Stream2_IRQHandler
                0x08000b80                UsageFault_Handler
                0x08000b80                ADC1_2_IRQHandler
                0x08000b80                DMA2_Stream2_IRQHandler
                0x08000b80                SPI1_IRQHandler
                0x08000b80                TIM6_DAC_IRQHandler
                0x08000b80                TIM1_BRK_TIM9_IRQHandler
                0x08000b80                DMA2_Stream3_IRQHandler
                0x08000b80                TIM1_TRG_COM_TIM11_IRQHandl
                0x08000b80                USART3_IRQHandler
                0x08000b80                DMA2_Stream4_5_IRQHandler
                0x08000b80                I2C1_ER_IRQHandler
                0x08000b80                TIM8_TRG_COM_TIM14_IRQHandl
                0x08000b80                CAN1_RX1_IRQHandler
                0x08000b80                UART5_IRQHandler
                0x08000b80                ADC3_IRQHandler
                0x08000b80                TIM4_IRQHandler
                0x08000b80                I2C1_EV_IRQHandler
                0x08000b80                DMA1_Stream6_IRQHandler
                0x08000b80                DMA1_Stream1_IRQHandler
                0x08000b80                UART4_IRQHandler
                0x08000b80                TIM3_IRQHandler
                0x08000b80                RCC_IRQHandler
                0x08000b80                TIM8_BRK_TIM12_IRQHandler
                0x08000b80                Default_Handler
                0x08000b80                EXTI15_10_IRQHandler
                0x08000b80                DMA1_Stream7_IRQHandler
                0x08000b80                TIM7_IRQHandler
                0x08000b80                TIM5_IRQHandler
                0x08000b80                EXTI9_5_IRQHandler
                0x08000b80                RTC_WKUP_IRQHandler
                0x08000b80                SPI2_IRQHandler
                0x08000b80                USB_LP_CAN_RX0_IRQHandler
                0x08000b80                MemManage_Handler
                0x08000b80                SVC_Handler
                0x08000b80                EXTI4_IRQHandler
                0x08000b80                FSMC_IRQHandler
                0x08000b80                WWDG_IRQHandler
                0x08000b80                TIM2_IRQHandler
                0x08000b80                OTG_FS_WKUP_IRQHandler
                0x08000b80                EXTI1_IRQHandler
                0x08000b80                USART2_IRQHandler
                0x08000b80                I2C2_ER_IRQHandler
                0x08000b80                DMA2_Stream1_IRQHandler
                0x08000b80                CAN1_SCE_IRQHandler
                0x08000b80                FLASH_IRQHandler
                0x08000b80                BusFault_Handler
                0x08000b80                USART1_IRQHandler
                0x08000b80                SPI3_IRQHandler
                0x08000b80                DMA1_Stream4_IRQHandler
                0x08000b80                DMA1_Stream3_IRQHandler
                0x08000b88                Reset_Handler
                0x08000c38                . = ALIGN (0x4)
                0x08000c38                _etext = .

.glue_7         0x08000c38        0x0
 .glue_7        0x00000000        0x0 linker stubs

.glue_7t        0x08000c38        0x0
 .glue_7t       0x00000000        0x0 linker stubs

.vfp11_veneer   0x08000c38        0x0
 .vfp11_veneer  0x00000000        0x0 linker stubs

.v4_bx          0x08000c38        0x0
 .v4_bx         0x00000000        0x0 linker stubs

.iplt           0x08000c38        0x0
 .iplt          0x00000000        0x0 debug/RCC.o

.rel.dyn        0x08000c38        0x0
 .rel.iplt      0x00000000        0x0 debug/RCC.o

.rodata         0x08000c38        0x0
                0x08000c38                . = ALIGN (0x4)
                0x08000c38                _srodata = .
 *(.rodata)
                0x08000c38                . = ALIGN (0x4)
                0x08000c38                _erodata = .

.data           0x20000000       0x48 load address 0x08000c38
                0x20000000                . = ALIGN (0x4)
                0x20000000                _sdata = .
 *(.data)
 .data          0x20000000       0x18 debug/RCC.o
                0x20000000                rcc_G_data_1
                0x20000004                rcc_G_data_2
                0x20000008                rcc_G_data_3
                0x2000000c                rcc_G_rodata_1
                0x20000010                rcc_G_rodata_2
                0x20000014                rcc_G_rodata_3
 .data          0x20000018       0x18 debug/DIO.o
                0x20000018                dio_G_data_1
                0x2000001c                dio_G_data_2
                0x20000020                dio_G_data_3
                0x20000024                dio_G_rodata_1
                0x20000028                dio_G_rodata_2
                0x2000002c                dio_G_rodata_3
 .data          0x20000030       0x18 debug/main.o
                0x20000030                main_G_data_1
                0x20000034                main_G_data_2
                0x20000038                main_G_data_3
                0x2000003c                main_G_rodata_1
                0x20000040                main_G_rodata_2
                0x20000044                main_G_rodata_3
 .data          0x20000048        0x0 debug/STM32F103c8Startup.o
                0x20000048                . = ALIGN (0x4)
                0x20000048                _edata = .

.igot.plt       0x20000048        0x0 load address 0x08000c80
 .igot.plt      0x00000000        0x0 debug/RCC.o

.bss            0x20000048       0x24 load address 0x08000c80
                0x20000048                . = ALIGN (0x4)
                0x20000048                _sbss = .
 *(.bss)
 .bss           0x20000048        0x0 debug/RCC.o
 .bss           0x20000048        0x0 debug/DIO.o
 .bss           0x20000048        0x0 debug/main.o
 .bss           0x20000048        0x0 debug/STM32F103c8Startup.o
                0x20000048                . = ALIGN (0x4)
                0x20000048                _ebss = .
 COMMON         0x20000048        0xc debug/RCC.o
                0x20000048                rcc_G_bss_2
                0x2000004c                rcc_G_bss_3
                0x20000050                rcc_G_bss_1
 COMMON         0x20000054        0xc debug/DIO.o
                0x20000054                dio_G_bss_1
                0x20000058                dio_G_bss_3
                0x2000005c                dio_G_bss_2
 COMMON         0x20000060        0xc debug/main.o
                0x20000060                main_G_bss_1
                0x20000064                main_G_bss_3
                0x20000068                main_G_bss_2
OUTPUT(debug/final.elf elf32-littlearm)

.debug_info     0x00000000      0x7d6
 .debug_info    0x00000000      0x1b2 debug/RCC.o
 .debug_info    0x000001b2      0x324 debug/DIO.o
 .debug_info    0x000004d6      0x17f debug/main.o
 .debug_info    0x00000655      0x181 debug/STM32F103c8Startup.o

.debug_abbrev   0x00000000      0x2fd
 .debug_abbrev  0x00000000       0x8c debug/RCC.o
 .debug_abbrev  0x0000008c      0x11a debug/DIO.o
 .debug_abbrev  0x000001a6       0x8a debug/main.o
 .debug_abbrev  0x00000230       0xcd debug/STM32F103c8Startup.o

.debug_loc      0x00000000      0x288
 .debug_loc     0x00000000       0x9c debug/RCC.o
 .debug_loc     0x0000009c      0x150 debug/DIO.o
 .debug_loc     0x000001ec       0x38 debug/main.o
 .debug_loc     0x00000224       0x64 debug/STM32F103c8Startup.o

.debug_aranges  0x00000000       0x80
 .debug_aranges
                0x00000000       0x20 debug/RCC.o
 .debug_aranges
                0x00000020       0x20 debug/DIO.o
 .debug_aranges
                0x00000040       0x20 debug/main.o
 .debug_aranges
                0x00000060       0x20 debug/STM32F103c8Startup.o

.debug_line     0x00000000      0x2d1
 .debug_line    0x00000000       0x93 debug/RCC.o
 .debug_line    0x00000093      0x121 debug/DIO.o
 .debug_line    0x000001b4       0x82 debug/main.o
 .debug_line    0x00000236       0x9b debug/STM32F103c8Startup.o

.debug_str      0x00000000      0x3f5
 .debug_str     0x00000000      0x193 debug/RCC.o
                                0x1ba (size before relaxing)
 .debug_str     0x00000193      0x149 debug/DIO.o
                                0x246 (size before relaxing)
 .debug_str     0x000002dc       0xa4 debug/main.o
                                0x1a1 (size before relaxing)
 .debug_str     0x00000380       0x75 debug/STM32F103c8Startup.o
                                0x16c (size before relaxing)

.comment        0x00000000       0x11
 .comment       0x00000000       0x11 debug/RCC.o
                                 0x12 (size before relaxing)
 .comment       0x00000000       0x12 debug/DIO.o
 .comment       0x00000000       0x12 debug/main.o
 .comment       0x00000000       0x12 debug/STM32F103c8Startup.o

.ARM.attributes
                0x00000000       0x33
 .ARM.attributes
                0x00000000       0x33 debug/RCC.o
 .ARM.attributes
                0x00000033       0x33 debug/DIO.o
 .ARM.attributes
                0x00000066       0x33 debug/main.o
 .ARM.attributes
                0x00000099       0x33 debug/STM32F103c8Startup.o

.debug_frame    0x00000000      0x198
 .debug_frame   0x00000000       0x60 debug/RCC.o
 .debug_frame   0x00000060       0xc0 debug/DIO.o
 .debug_frame   0x00000120       0x30 debug/main.o
 .debug_frame   0x00000150       0x48 debug/STM32F103c8Startup.o
